main.c:109:5:main	1040	static
main.c:262:6:SystemClock_Config	88	static
main.c:306:13:MX_ADC1_Init	24	static
main.c:356:13:MX_ADC2_Init	24	static
main.c:406:13:MX_ADC3_Init	24	static
main.c:456:13:MX_I2C1_Init	8	static
main.c:490:13:MX_I2C2_Init	8	static
main.c:524:13:MX_I2C3_Init	8	static
main.c:558:13:MX_TIM1_Init	96	static
main.c:645:13:MX_UART5_Init	8	static
main.c:678:13:MX_USART6_UART_Init	8	static
main.c:709:13:MX_DMA_Init	16	static
main.c:737:13:MX_GPIO_Init	56	static
main.c:762:6:HAL_ADC_ConvCpltCallback	16	static
main.c:776:6:Error_Handler	4	static,ignoring_inline_asm
